<html>
<body>
<pre>
<h1>µVision Build Log</h1>
<h2>Tool Versions:</h2>
IDE-Version: ¦ÌVision V5.28.0.0
Copyright (C) 2019 ARM Ltd and ARM Germany GmbH. All rights reserved.
License Information: 1 1, 1, LIC=32B1Q-NSR44-EVX1R-KF13U-VNY0E-ZPAH7
 
Tool Versions:
Toolchain:       MDK-ARM Plus  Version: 5.28.0.0
Toolchain Path:  D:\SoftWare\keil\ARM\ARMCC\Bin
C Compiler:      Armcc.exe V5.06 update 6 (build 750)
Assembler:       Armasm.exe V5.06 update 6 (build 750)
Linker/Locator:  ArmLink.exe V5.06 update 6 (build 750)
Library Manager: ArmAr.exe V5.06 update 6 (build 750)
Hex Converter:   FromElf.exe V5.06 update 6 (build 750)
CPU DLL:         SARMCM3.DLL V5.28.0.0
Dialog DLL:      DCM.DLL V1.17.3.0
Target DLL:      Segger\JL2CM3.dll V2.99.36.0
Dialog DLL:      TCM.DLL V1.36.2.0
 
<h2>Project:</h2>
D:\Date\STM32\STM32Date\2000M2.4GHZ\Demo³ÌÐò\Demo_nRF24L01_V3_0_ZeYao\Demo_RF24L01_Stm32F103\Project_Rf24l01\Project_Rf24L01_Mdk.uvprojx
Project File Date:  03/02/2021

<h2>Output:</h2>
*** Using Compiler 'V5.06 update 6 (build 750)', folder: 'D:\SoftWare\keil\ARM\ARMCC\Bin'
Rebuild target 'RF24L01'
assembling startup_stm32f10x_hd.s...
compiling drv_led.c...
compiling drv_uart.c...
compiling core_cm3.c...
compiling drv_spi.c...
compiling system_stm32f10x.c...
compiling drv_button.c...
compiling drv_delay.c...
compiling main.c...
compiling stm32f10x_iwdg.c...
compiling stm32f10x_gpio.c...
compiling drv_RF24L01.c...
compiling stm32f10x_rcc.c...
compiling stm32f10x_spi.c...
compiling stm32f10x_usart.c...
compiling stm32f10x_tim.c...
linking...
Program Size: Code=4328 RO-data=376 RW-data=32 ZI-data=744  
FromELF: creating hex file...
"..\output\Project_Rf24L01_Mdk.axf" - 0 Error(s), 0 Warning(s).

<h2>Software Packages used:</h2>

Package Vendor: Keil
                http://www.keil.com/pack/Keil.STM32F1xx_DFP.2.0.0.pack
                Keil.STM32F1xx_DFP.2.0.0
                STMicroelectronics STM32F1 Series Device Support, Drivers and Examples

<h2>Collection of Component include folders:</h2>
  .\RTE\_RF24L01
  D:\SoftWare\keil\Keil\STM32F1xx_DFP\2.0.0\Device\Include

<h2>Collection of Component Files used:</h2>
Build Time Elapsed:  00:00:01
</pre>
</body>
</html>
